
> draft-oocl-online-v2@0.1.0 build
> next build

Ôû▓ Next.js 16.1.6 (Turbopack)
- Environments: .env.local, .env

  Creating an optimized production build ...
Ô£ô Compiled successfully in 6.7s
  Running TypeScript ...
  Collecting page data using 11 workers ...
  Generating static pages using 11 workers (0/46) ...
  Generating static pages using 11 workers (11/46) 
  Generating static pages using 11 workers (22/46) 
  Generating static pages using 11 workers (34/46) 
Ô£ô Generating static pages using 11 workers (46/46) in 558.4ms
  Finalizing page optimization ...

Route (app)
Ôöî Ôùï /
Ôö£ Ôùï /_not-found
Ôö£ Ôùï /admin/drafts
Ôö£ Ôùï /admin/ports
Ôö£ Ôùï /admin/references
Ôö£ Ôùï /admin/users
Ôö£ Ôùï /admin/vessels
Ôö£ ãÆ /api/admin/drafts-comparison
Ôö£ ãÆ /api/admin/global-countries
Ôö£ ãÆ /api/admin/global-ports
Ôö£ ãÆ /api/admin/global-ports/[id]
Ôö£ ãÆ /api/admin/users
Ôö£ ãÆ /api/admin/users/[id]
Ôö£ ãÆ /api/admin/users/[id]/authorize
Ôö£ ãÆ /api/alsonotify
Ôö£ ãÆ /api/alsonotify/[id]
Ôö£ ãÆ /api/auth/[...nextauth]
Ôö£ ãÆ /api/auth/change-password
Ôö£ ãÆ /api/auth/forgot-password
Ôö£ ãÆ /api/auth/register
Ôö£ ãÆ /api/auth/reset-password
Ôö£ ãÆ /api/billoflading
Ôö£ ãÆ /api/billoflading/[id]
Ôö£ ãÆ /api/cities
Ôö£ ãÆ /api/cities/[id]
Ôö£ ãÆ /api/cities/findorcreate
Ôö£ ãÆ /api/consignees
Ôö£ ãÆ /api/consignees/[id]
Ôö£ ãÆ /api/dashboard/stats
Ôö£ ãÆ /api/dashboard/vessels
Ôö£ ãÆ /api/expected-bookings
Ôö£ ãÆ /api/expected-bookings/[id]
Ôö£ ãÆ /api/forwarders
Ôö£ ãÆ /api/forwarders/[id]
Ôö£ ãÆ /api/freightbuyers
Ôö£ ãÆ /api/freightbuyers/[id]
Ôö£ ãÆ /api/globals/countries
Ôö£ ãÆ /api/globals/ports
Ôö£ ãÆ /api/goods
Ôö£ ãÆ /api/goods/[id]
Ôö£ ãÆ /api/hscodes
Ôö£ ãÆ /api/hscodes/[id]
Ôö£ ãÆ /api/notify
Ôö£ ãÆ /api/notify/[id]
Ôö£ ãÆ /api/packagetypes
Ôö£ ãÆ /api/packagetypes/[id]
Ôö£ ãÆ /api/ports
Ôö£ ãÆ /api/ports/[id]
Ôö£ ãÆ /api/ports/findorcreate
Ôö£ ãÆ /api/save-to-desktop
Ôö£ ãÆ /api/shippers
Ôö£ ãÆ /api/shippers/[id]
Ôö£ ãÆ /api/typereleased
Ôö£ ãÆ /api/typereleased/[id]
Ôö£ ãÆ /api/typetc
Ôö£ ãÆ /api/typetc/[id]
Ôö£ ãÆ /api/vessels
Ôö£ ãÆ /api/vessels/[id]
Ôö£ ãÆ /api/voyages
Ôö£ ãÆ /api/voyages/[id]
Ôö£ Ôùï /dashboard
Ôö£ Ôùï /forgot-password
Ôö£ Ôùï /login
Ôö£ Ôùï /register
Ôöö Ôùï /reset-password


ãÆ Proxy (Middleware)

Ôùï  (Static)   prerendered as static content
ãÆ  (Dynamic)  server-rendered on demand

